// Jest Snapshot v1, https://goo.gl/fbAQLP

exports[`NavFavoriteBtn renders correctly 1`] = `
<NavFavoriteBtn>
  <styled.button>
    <button
      className="sc-bdVaJa KOkiO"
    >
      See Favorites 
      <Styled(Heart)>
        <Heart
          className="sc-bwzfXH cxOpbI"
          color="currentColor"
          size="24"
        >
          <svg
            className="sc-bwzfXH cxOpbI"
            fill="none"
            height="24"
            stroke="currentColor"
            strokeLinecap="round"
            strokeLinejoin="round"
            strokeWidth="2"
            viewBox="0 0 24 24"
            width="24"
            xmlns="http://www.w3.org/2000/svg"
          >
            <path
              d="M20.84 4.61a5.5 5.5 0 0 0-7.78 0L12 5.67l-1.06-1.06a5.5 5.5 0 0 0-7.78 7.78l1.06 1.06L12 21.23l7.78-7.78 1.06-1.06a5.5 5.5 0 0 0 0-7.78z"
            />
          </svg>
        </Heart>
      </Styled(Heart)>
       (0)
    </button>
  </styled.button>
</NavFavoriteBtn>
`;
