// Jest Snapshot v1, https://goo.gl/fbAQLP

exports[`Title renders by correctly 1`] = `
<Title>
  <div>
    <styled.div>
      <div
        className="sc-bdVaJa eEivRj"
      >
        The API Strikes Back
      </div>
    </styled.div>
  </div>
</Title>
`;
